// Jest Snapshot v1, https://goo.gl/fbAQLP

exports[`Rockets Component snapshot test 1`] = `
Array [
  <h2>
    MyProfile
  </h2>,
  <div
    className="myProfile"
  >
    <div
      className="myMissions"
    >
      <h3>
        My Missions
      </h3>
      <ul>
        You haven't joined any missions yet
      </ul>
    </div>
    <div
      className="myRockets"
    >
      <h3>
        My Rockets
      </h3>
      <ul>
        You haven't booked any rocket yet
      </ul>
    </div>
  </div>,
]
`;
